PS C:\Users\prath\OneDrive\Desktop\github\c-activity-sets\set01> gcc problem10.c -O0 -g
PS C:\Users\prath\OneDrive\Desktop\github\c-activity-sets\set01> gdb a.exe
GNU gdb (GDB) 7.6.1
Copyright (C) 2013 Free Software Foundation, Inc.
License GPLv3+: GNU GPL version 3 or later <http://gnu.org/licenses/gpl.html>
This is free software: you are free to change and redistribute it.
There is NO WARRANTY, to the extent permitted by law.  Type "show copying"
and "show warranty" for details.
This GDB was configured as "mingw32".
For bug reporting instructions, please see:
<http://www.gnu.org/software/gdb/bugs/>...
Reading symbols from C:\Users\prath\OneDrive\Desktop\github\c-activity-sets\set01\a.exe...done.
(gdb) b amin
Function "amin" not defined.
Make breakpoint pending on future shared library load? (y or [n]) b main
Please answer y or [n].
Make breakpoint pending on future shared library load? (y or [n]) y
Breakpoint 1 (amin) pending.
(gdb) b main
Breakpoint 2 at 0x40146e: file problem10.c, line 11.
(gdb) r
Starting program: C:\Users\prath\OneDrive\Desktop\github\c-activity-sets\set01/a.exe
[New Thread 4520.0x153c]
[New Thread 4520.0x43c8]

Breakpoint 2, main () at problem10.c:11
11          input_two_strings(string1,string2);
(gdb) r
The program being debugged has been started already.
Start it from the beginning? (y or n) n
Program not restarted.
(gdb) r
The program being debugged has been started already.
Start it from the beginning? (y or n) y
error return ../../gdb-7.6.1/gdb/windows-nat.c:1275 was 5
Starting program: C:\Users\prath\OneDrive\Desktop\github\c-activity-sets\set01/a.exe
[New Thread 10620.0x74c]
[New Thread 10620.0x3a4]

Breakpoint 2, main () at problem10.c:11
11          input_two_strings(string1,string2);
(gdb) hello      
Undefined command: "hello".  Try "help".
(gdb) s
input_two_strings (string1=0x2a1000 "", string2=0x0) at problem10.c:18
18          printf("Enter the first string\n");
(gdb) s
Enter the first string
19          scanf("%s",&string1);
(gdb) s
s
20          printf("Enter the second string\n");
(gdb) s
Enter the second string
21          scanf("%s",&string2);
(gdb) s
s
22      }
(gdb) s
main () at problem10.c:12
12          result=stringcompare(string1,string2);
(gdb) s
stringcompare (string1=0x2a1000 "", string2=0x0) at problem10.c:26
26          for(i=0;string1[i] || string2[i];i++)
(gdb) s

Program received signal SIGSEGV, Segmentation fault.
0x00401558 in stringcompare (string1=0x2a1000 "", string2=0x0) at problem10.c:26
26          for(i=0;string1[i] || string2[i];i++)
(gdb)

Program received signal SIGSEGV, Segmentation fault.
0x00401558 in stringcompare (string1=0x2a1000 "", string2=0x0) at problem10.c:26
26          for(i=0;string1[i] || string2[i];i++)
(gdb) s
[Inferior 1 (process 10620) exited with code 030000000005]
(gdb) s
The program is not being run.
(gdb) s
The program is not being run.
(gdb)
The program is not being run.
(gdb) s
The program is not being run.
(gdb) s
The program is not being run.
(gdb) q